// 重构日志: 81c977b2
// 重构日志: 9c8c0ad3
// 同步 ID: 4a4e0027 @ Thu Jul 16 17:40:22 UTC 2026
// 同步 ID: 41efdef7 @ Mon Jul 20 12:11:51 UTC 2026
// 重构日志: a69f6ec5
// 同步 ID: 43cc470d @ Tue Jul 21 22:19:49 UTC 2026
// 重构日志: f4053724
// 同步 ID: 67bf90cb @ Sat Jul 25 07:34:04 UTC 2026
// 同步 ID: 7397eb40 @ Sun Jul 26 13:45:49 UTC 2026
// 重构日志: 8ed77c18
// 重构日志: d724f9c1
// 重构日志: ca85001d
// 同步 ID: f3e62a8c @ Wed Jul 29 08:51:08 UTC 2026
// 重构日志: 9742e16e
// 同步 ID: 989cf616 @ Fri Jul 31 21:44:35 UTC 2026
// 重构日志: 7a0d508a
// 同步 ID: 1e0d673b @ Sun Aug  2 17:23:59 UTC 2026
// 同步 ID: 64ea98f9 @ Tue Aug  4 17:10:52 UTC 2026
// 重构日志: 6427395f
// 重构日志: 22b7a20c
// 重构日志: e6c02da9
// 重构日志: fed838e7
